[INFO] Scanning for projects...
[INFO] 
[INFO] --------------------< org.example:location_voiture >--------------------
[INFO] Building location_voiture 0.0.1-SNAPSHOT
[INFO]   from pom.xml
[INFO] --------------------------------[ jar ]---------------------------------
[INFO] 
[INFO] --- resources:3.3.1:resources (default-resources) @ location_voiture ---
[INFO] Copying 1 resource from src\main\resources to target\classes
[INFO] Copying 58 resources from src\main\resources to target\classes
[INFO] 
[INFO] --- compiler:3.13.0:compile (default-compile) @ location_voiture ---
[INFO] Nothing to compile - all classes are up to date.
[INFO] ------------------------------------------------------------------------
[INFO] BUILD SUCCESS
[INFO] ------------------------------------------------------------------------
[INFO] Total time:  2.842 s
[INFO] Finished at: 2026-04-10T09:24:31+03:00
[INFO] ------------------------------------------------------------------------
